   Compiling safeguard v1.0.0 (/Users/cliente/Documents/Projetos_DEV/lunes_safeguard/contracts/safeGard)
warning: unexpected `cfg` condition value: `__ink_dylint_Storage`
   --> contracts/safeGard/lib.rs:660:5
    |
660 | /     pub struct Safeguard {
661 | |         contract_owner: AccountId,
662 | |         // Store individual projec...
663 | |         project_owners: Mapping<Pr...
...   |
740 | |         reentrancy_guard: Reentran...
741 | |     }
    | |_____^
    |
    = note: expected values for `feature` are: `default`, `e2e-tests`, `ink-as-dependency`, `scale-info`, and `std`
    = help: consider adding `__ink_dylint_Storage` as a feature in `Cargo.toml`
    = note: see <https://doc.rust-lang.org/nightly/rustc/check-cfg/cargo-specifics.html> for more information about checking conditional configuration
    = note: `#[warn(unexpected_cfgs)]` on by default

warning: unexpected `cfg` condition value: `__ink_dylint_EventBase`
   --> contracts/safeGard/lib.rs:142:1
    |
142 | #[ink::contract]
    | ^^^^^^^^^^^^^^^^
    |
    = note: expected values for `feature` are: `default`, `e2e-tests`, `ink-as-dependency`, `scale-info`, and `std`
    = note: using a cfg inside a attribute macro will use the cfgs from the destination crate and not the ones from the defining crate
    = help: try referring to `ink::contract` crate for guidance on how handle this unexpected cfg
    = help: the attribute macro `ink::contract` may come from an old version of the `ink_macro` crate, try updating your dependency with `cargo update -p ink_macro`
    = note: see <https://doc.rust-lang.org/nightly/rustc/check-cfg/cargo-specifics.html> for more information about checking conditional configuration
    = note: this warning originates in the attribute macro `ink::contract` (in Nightly builds, run with -Z macro-backtrace for more info)

warning: unexpected `cfg` condition value: `__ink_dylint_Constructor`
   --> contracts/safeGard/lib.rs:745:9
    |
745 | / ...   pub fn new() -> Self {
746 | | ...       let caller = Self::env()...
747 | | ...       
748 | | ...       Self::env().emit_event(O...
...   |
834 | | ...   }
    | |_______^
    |
    = note: expected values for `feature` are: `default`, `e2e-tests`, `ink-as-dependency`, `scale-info`, and `std`
    = help: consider adding `__ink_dylint_Constructor` as a feature in `Cargo.toml`
    = note: see <https://doc.rust-lang.org/nightly/rustc/check-cfg/cargo-specifics.html> for more information about checking conditional configuration

warning: unused import: `super::*`
 --> contracts/safeGard/business_rules_validation.rs:3:9
  |
3 |     use super::*;
  |         ^^^^^^^^
  |
  = note: `#[warn(unused_imports)]` (part of `#[warn(unused)]`) on by default

error[E0061]: this method takes 4 arguments but 3 arguments were supplied
    --> contracts/safeGard/lib.rs:3314:35
     |
3314 | ...et result = contract.register_project(
     |                         ^^^^^^^^^^^^^^^^
3315 | ...   b"Test Project".to_vec(),
3316 | ...   accounts.alice,
     |       -------------- argument #2 of type `std::vec::Vec<u8>` is missing
     |
note: method defined here
    --> contracts/safeGard/lib.rs:838:16
     |
 838 |         pub fn register_project(
     |                ^^^^^^^^^^^^^^^^
...
 841 |             metadata_uri: Vec<u8>,
     |             ---------------------
help: provide the argument
     |
3314 ~             let result = contract.register_project(
3315 +                 b"Test Project".to_vec(),
3316 +                 /* std::vec::Vec<u8> */,
3317 +                 accounts.bob,
3318 +                 accounts.alice,
3319 ~             );
     |

error[E0061]: this method takes 4 arguments but 3 arguments were supplied
    --> contracts/safeGard/lib.rs:3340:43
     |
3340 | ...et project_result = contract.register_project(
     |                                 ^^^^^^^^^^^^^^^^
3341 | ...   b"Test Project".to_vec(),
3342 | ...   accounts.alice,
     |       -------------- argument #2 of type `std::vec::Vec<u8>` is missing
     |
note: method defined here
    --> contracts/safeGard/lib.rs:838:16
     |
 838 |         pub fn register_project(
     |                ^^^^^^^^^^^^^^^^
...
 841 |             metadata_uri: Vec<u8>,
     |             ---------------------
help: provide the argument
     |
3340 ~             let project_result = contract.register_project(
3341 +                 b"Test Project".to_vec(),
3342 +                 /* std::vec::Vec<u8> */,
3343 +                 accounts.bob,
3344 +                 accounts.alice,
3345 ~             );
     |

error[E0061]: this method takes 4 arguments but 3 arguments were supplied
    --> contracts/safeGard/lib.rs:3365:43
     |
3365 | ...et project_result = contract.register_project(
     |                                 ^^^^^^^^^^^^^^^^
3366 | ...   b"Test Project".to_vec(),
3367 | ...   accounts.alice,
     |       -------------- argument #2 of type `std::vec::Vec<u8>` is missing
     |
note: method defined here
    --> contracts/safeGard/lib.rs:838:16
     |
 838 |         pub fn register_project(
     |                ^^^^^^^^^^^^^^^^
...
 841 |             metadata_uri: Vec<u8>,
     |             ---------------------
help: provide the argument
     |
3365 ~             let project_result = contract.register_project(
3366 +                 b"Test Project".to_vec(),
3367 +                 /* std::vec::Vec<u8> */,
3368 +                 accounts.bob,
3369 +                 accounts.alice,
3370 ~             );
     |

error[E0061]: this method takes 4 arguments but 3 arguments were supplied
    --> contracts/safeGard/lib.rs:3448:43
     |
3448 | ...et project_result = contract.register_project(
     |                                 ^^^^^^^^^^^^^^^^
3449 | ...   b"Test Project".to_vec(),
3450 | ...   accounts.alice,
     |       -------------- argument #2 of type `std::vec::Vec<u8>` is missing
     |
note: method defined here
    --> contracts/safeGard/lib.rs:838:16
     |
 838 |         pub fn register_project(
     |                ^^^^^^^^^^^^^^^^
...
 841 |             metadata_uri: Vec<u8>,
     |             ---------------------
help: provide the argument
     |
3448 ~             let project_result = contract.register_project(
3449 +                 b"Test Project".to_vec(),
3450 +                 /* std::vec::Vec<u8> */,
3451 +                 accounts.bob,
3452 +                 accounts.alice,
3453 ~             );
     |

error[E0061]: this method takes 4 arguments but 3 arguments were supplied
    --> contracts/safeGard/lib.rs:3488:39
     |
3488 | ...et project_id = contract.register_project(
     |                             ^^^^^^^^^^^^^^^^
3489 | ...   b"Test Project".to_vec(),
3490 | ...   accounts.alice,
     |       -------------- argument #2 of type `std::vec::Vec<u8>` is missing
     |
note: method defined here
    --> contracts/safeGard/lib.rs:838:16
     |
 838 |         pub fn register_project(
     |                ^^^^^^^^^^^^^^^^
...
 841 |             metadata_uri: Vec<u8>,
     |             ---------------------
help: provide the argument
     |
3488 ~             let project_id = contract.register_project(
3489 +                 b"Test Project".to_vec(),
3490 +                 /* std::vec::Vec<u8> */,
3491 +                 accounts.bob,
3492 +                 accounts.alice,
3493 ~             ).unwrap();
     |

error[E0061]: this method takes 4 arguments but 3 arguments were supplied
    --> contracts/safeGard/lib.rs:3519:39
     |
3519 | ...et project_id = contract.register_project(
     |                             ^^^^^^^^^^^^^^^^
3520 | ...   b"Test Project".to_vec(),
3521 | ...   accounts.alice,
     |       -------------- argument #2 of type `std::vec::Vec<u8>` is missing
     |
note: method defined here
    --> contracts/safeGard/lib.rs:838:16
     |
 838 |         pub fn register_project(
     |                ^^^^^^^^^^^^^^^^
...
 841 |             metadata_uri: Vec<u8>,
     |             ---------------------
help: provide the argument
     |
3519 ~             let project_id = contract.register_project(
3520 +                 b"Test Project".to_vec(),
3521 +                 /* std::vec::Vec<u8> */,
3522 +                 accounts.bob,
3523 +                 accounts.alice,
3524 ~             ).unwrap();
     |

error[E0061]: this method takes 4 arguments but 3 arguments were supplied
    --> contracts/safeGard/lib.rs:3571:39
     |
3571 | ...et project_id = contract.register_project(
     |                             ^^^^^^^^^^^^^^^^
3572 | ...   b"Test Project".to_vec(),
3573 | ...   accounts.alice,
     |       -------------- argument #2 of type `std::vec::Vec<u8>` is missing
     |
note: method defined here
    --> contracts/safeGard/lib.rs:838:16
     |
 838 |         pub fn register_project(
     |                ^^^^^^^^^^^^^^^^
...
 841 |             metadata_uri: Vec<u8>,
     |             ---------------------
help: provide the argument
     |
3571 ~             let project_id = contract.register_project(
3572 +                 b"Test Project".to_vec(),
3573 +                 /* std::vec::Vec<u8> */,
3574 +                 accounts.bob,
3575 +                 accounts.alice,
3576 ~             ).unwrap();
     |

error[E0061]: this method takes 4 arguments but 3 arguments were supplied
    --> contracts/safeGard/lib.rs:3627:39
     |
3627 | ...et project_id = contract.register_project(
     |                             ^^^^^^^^^^^^^^^^
3628 | ...   b"Test Project".to_vec(),
3629 | ...   accounts.alice,
     |       -------------- argument #2 of type `std::vec::Vec<u8>` is missing
     |
note: method defined here
    --> contracts/safeGard/lib.rs:838:16
     |
 838 |         pub fn register_project(
     |                ^^^^^^^^^^^^^^^^
...
 841 |             metadata_uri: Vec<u8>,
     |             ---------------------
help: provide the argument
     |
3627 ~             let project_id = contract.register_project(
3628 +                 b"Test Project".to_vec(),
3629 +                 /* std::vec::Vec<u8> */,
3630 +                 accounts.bob,
3631 +                 accounts.alice,
3632 ~             ).unwrap();
     |

error[E0061]: this method takes 4 arguments but 3 arguments were supplied
    --> contracts/safeGard/lib.rs:3661:39
     |
3661 | ...et project_id = contract.register_project(
     |                             ^^^^^^^^^^^^^^^^
3662 | ...   b"Test Project".to_vec(),
3663 | ...   accounts.alice,
     |       -------------- argument #2 of type `std::vec::Vec<u8>` is missing
     |
note: method defined here
    --> contracts/safeGard/lib.rs:838:16
     |
 838 |         pub fn register_project(
     |                ^^^^^^^^^^^^^^^^
...
 841 |             metadata_uri: Vec<u8>,
     |             ---------------------
help: provide the argument
     |
3661 ~             let project_id = contract.register_project(
3662 +                 b"Test Project".to_vec(),
3663 +                 /* std::vec::Vec<u8> */,
3664 +                 accounts.bob,
3665 +                 accounts.alice,
3666 ~             ).unwrap();
     |

error[E0061]: this method takes 4 arguments but 3 arguments were supplied
    --> contracts/safeGard/lib.rs:3697:39
     |
3697 | ...et project_id = contract.register_project(
     |                             ^^^^^^^^^^^^^^^^
3698 | ...   b"Test Project".to_vec(),
3699 | ...   accounts.alice,
     |       -------------- argument #2 of type `std::vec::Vec<u8>` is missing
     |
note: method defined here
    --> contracts/safeGard/lib.rs:838:16
     |
 838 |         pub fn register_project(
     |                ^^^^^^^^^^^^^^^^
...
 841 |             metadata_uri: Vec<u8>,
     |             ---------------------
help: provide the argument
     |
3697 ~             let project_id = contract.register_project(
3698 +                 b"Test Project".to_vec(),
3699 +                 /* std::vec::Vec<u8> */,
3700 +                 accounts.bob,
3701 +                 accounts.alice,
3702 ~             ).unwrap();
     |

error[E0061]: this method takes 4 arguments but 3 arguments were supplied
    --> contracts/safeGard/lib.rs:3752:39
     |
3752 | ...et project_id = contract.register_project(
     |                             ^^^^^^^^^^^^^^^^
3753 | ...   b"Test Project".to_vec(),
3754 | ...   accounts.alice,
     |       -------------- argument #2 of type `std::vec::Vec<u8>` is missing
     |
note: method defined here
    --> contracts/safeGard/lib.rs:838:16
     |
 838 |         pub fn register_project(
     |                ^^^^^^^^^^^^^^^^
...
 841 |             metadata_uri: Vec<u8>,
     |             ---------------------
help: provide the argument
     |
3752 ~             let project_id = contract.register_project(
3753 +                 b"Test Project".to_vec(),
3754 +                 /* std::vec::Vec<u8> */,
3755 +                 accounts.bob,
3756 +                 accounts.alice,
3757 ~             ).unwrap();
     |

error[E0061]: this method takes 4 arguments but 3 arguments were supplied
    --> contracts/safeGard/lib.rs:3821:39
     |
3821 | ...et project_id = contract.register_project(
     |                             ^^^^^^^^^^^^^^^^
3822 | ...   b"Test Project".to_vec(),
3823 | ...   accounts.alice,
     |       -------------- argument #2 of type `std::vec::Vec<u8>` is missing
     |
note: method defined here
    --> contracts/safeGard/lib.rs:838:16
     |
 838 |         pub fn register_project(
     |                ^^^^^^^^^^^^^^^^
...
 841 |             metadata_uri: Vec<u8>,
     |             ---------------------
help: provide the argument
     |
3821 ~             let project_id = contract.register_project(
3822 +                 b"Test Project".to_vec(),
3823 +                 /* std::vec::Vec<u8> */,
3824 +                 accounts.bob,
3825 +                 accounts.alice,
3826 ~             ).unwrap();
     |

error[E0061]: this method takes 4 arguments but 3 arguments were supplied
    --> contracts/safeGard/lib.rs:3838:39
     |
3838 | ...et project_id = contract.register_project(
     |                             ^^^^^^^^^^^^^^^^
3839 | ...   b"Test Project".to_vec(),
3840 | ...   accounts.alice,
     |       -------------- argument #2 of type `std::vec::Vec<u8>` is missing
     |
note: method defined here
    --> contracts/safeGard/lib.rs:838:16
     |
 838 |         pub fn register_project(
     |                ^^^^^^^^^^^^^^^^
...
 841 |             metadata_uri: Vec<u8>,
     |             ---------------------
help: provide the argument
     |
3838 ~             let project_id = contract.register_project(
3839 +                 b"Test Project".to_vec(),
3840 +                 /* std::vec::Vec<u8> */,
3841 +                 accounts.bob,
3842 +                 accounts.alice,
3843 ~             ).unwrap();
     |

error[E0061]: this method takes 4 arguments but 3 arguments were supplied
    --> contracts/safeGard/lib.rs:3863:39
     |
3863 | ...et project_id = contract.register_project(
     |                             ^^^^^^^^^^^^^^^^
3864 | ...   b"Test Project".to_vec(),
3865 | ...   accounts.alice,
     |       -------------- argument #2 of type `std::vec::Vec<u8>` is missing
     |
note: method defined here
    --> contracts/safeGard/lib.rs:838:16
     |
 838 |         pub fn register_project(
     |                ^^^^^^^^^^^^^^^^
...
 841 |             metadata_uri: Vec<u8>,
     |             ---------------------
help: provide the argument
     |
3863 ~             let project_id = contract.register_project(
3864 +                 b"Test Project".to_vec(),
3865 +                 /* std::vec::Vec<u8> */,
3866 +                 accounts.bob,
3867 +                 accounts.alice,
3868 ~             ).unwrap();
     |

error[E0061]: this method takes 4 arguments but 3 arguments were supplied
    --> contracts/safeGard/lib.rs:3887:39
     |
3887 | ...et project_id = contract.register_project(
     |                             ^^^^^^^^^^^^^^^^
3888 | ...   b"Test Project".to_vec(),
3889 | ...   accounts.alice,
     |       -------------- argument #2 of type `std::vec::Vec<u8>` is missing
     |
note: method defined here
    --> contracts/safeGard/lib.rs:838:16
     |
 838 |         pub fn register_project(
     |                ^^^^^^^^^^^^^^^^
...
 841 |             metadata_uri: Vec<u8>,
     |             ---------------------
help: provide the argument
     |
3887 ~             let project_id = contract.register_project(
3888 +                 b"Test Project".to_vec(),
3889 +                 /* std::vec::Vec<u8> */,
3890 +                 accounts.bob,
3891 +                 accounts.alice,
3892 ~             ).unwrap();
     |

error[E0061]: this method takes 4 arguments but 3 arguments were supplied
    --> contracts/safeGard/lib.rs:3904:39
     |
3904 | ...et project_id = contract.register_project(
     |                             ^^^^^^^^^^^^^^^^
3905 | ...   b"Test Project".to_vec(),
3906 | ...   accounts.alice,
     |       -------------- argument #2 of type `std::vec::Vec<u8>` is missing
     |
note: method defined here
    --> contracts/safeGard/lib.rs:838:16
     |
 838 |         pub fn register_project(
     |                ^^^^^^^^^^^^^^^^
...
 841 |             metadata_uri: Vec<u8>,
     |             ---------------------
help: provide the argument
     |
3904 ~             let project_id = contract.register_project(
3905 +                 b"Test Project".to_vec(),
3906 +                 /* std::vec::Vec<u8> */,
3907 +                 accounts.bob,
3908 +                 accounts.alice,
3909 ~             ).unwrap();
     |

error[E0061]: this method takes 4 arguments but 3 arguments were supplied
    --> contracts/safeGard/lib.rs:3926:39
     |
3926 | ...et project_id = contract.register_project(
     |                             ^^^^^^^^^^^^^^^^
3927 | ...   b"Test Project".to_vec(),
3928 | ...   accounts.alice,
     |       -------------- argument #2 of type `std::vec::Vec<u8>` is missing
     |
note: method defined here
    --> contracts/safeGard/lib.rs:838:16
     |
 838 |         pub fn register_project(
     |                ^^^^^^^^^^^^^^^^
...
 841 |             metadata_uri: Vec<u8>,
     |             ---------------------
help: provide the argument
     |
3926 ~             let project_id = contract.register_project(
3927 +                 b"Test Project".to_vec(),
3928 +                 /* std::vec::Vec<u8> */,
3929 +                 accounts.bob,
3930 +                 accounts.alice,
3931 ~             ).unwrap();
     |

error[E0061]: this method takes 4 arguments but 3 arguments were supplied
    --> contracts/safeGard/lib.rs:3948:39
     |
3948 | ...et project_id = contract.register_project(
     |                             ^^^^^^^^^^^^^^^^
3949 | ...   b"Test Project".to_vec(),
3950 | ...   accounts.alice,
     |       -------------- argument #2 of type `std::vec::Vec<u8>` is missing
     |
note: method defined here
    --> contracts/safeGard/lib.rs:838:16
     |
 838 |         pub fn register_project(
     |                ^^^^^^^^^^^^^^^^
...
 841 |             metadata_uri: Vec<u8>,
     |             ---------------------
help: provide the argument
     |
3948 ~             let project_id = contract.register_project(
3949 +                 b"Test Project".to_vec(),
3950 +                 /* std::vec::Vec<u8> */,
3951 +                 accounts.bob,
3952 +                 accounts.alice,
3953 ~             ).unwrap();
     |

error[E0061]: this method takes 4 arguments but 3 arguments were supplied
    --> contracts/safeGard/lib.rs:3986:39
     |
3986 | ...et project_id = contract.register_project(
     |                             ^^^^^^^^^^^^^^^^
3987 | ...   b"Test Project".to_vec(),
3988 | ...   accounts.alice,
     |       -------------- argument #2 of type `std::vec::Vec<u8>` is missing
     |
note: method defined here
    --> contracts/safeGard/lib.rs:838:16
     |
 838 |         pub fn register_project(
     |                ^^^^^^^^^^^^^^^^
...
 841 |             metadata_uri: Vec<u8>,
     |             ---------------------
help: provide the argument
     |
3986 ~             let project_id = contract.register_project(
3987 +                 b"Test Project".to_vec(),
3988 +                 /* std::vec::Vec<u8> */,
3989 +                 accounts.bob,
3990 +                 accounts.alice,
3991 ~             ).unwrap();
     |

error[E0061]: this method takes 4 arguments but 3 arguments were supplied
    --> contracts/safeGard/lib.rs:4022:39
     |
4022 | ...et project_id = contract.register_project(
     |                             ^^^^^^^^^^^^^^^^
4023 | ...   b"Test Project".to_vec(),
4024 | ...   accounts.alice,
     |       -------------- argument #2 of type `std::vec::Vec<u8>` is missing
     |
note: method defined here
    --> contracts/safeGard/lib.rs:838:16
     |
 838 |         pub fn register_project(
     |                ^^^^^^^^^^^^^^^^
...
 841 |             metadata_uri: Vec<u8>,
     |             ---------------------
help: provide the argument
     |
4022 ~             let project_id = contract.register_project(
4023 +                 b"Test Project".to_vec(),
4024 +                 /* std::vec::Vec<u8> */,
4025 +                 accounts.bob,
4026 +                 accounts.alice,
4027 ~             ).unwrap();
     |

error[E0061]: this method takes 4 arguments but 3 arguments were supplied
    --> contracts/safeGard/lib.rs:4051:48
     |
4051 | ...et project_id = test_contract.register_project(
     |                                  ^^^^^^^^^^^^^^^^
4052 | ...   b"Test Project".to_vec(),
4053 | ...   accounts.alice,
     |       -------------- argument #2 of type `std::vec::Vec<u8>` is missing
     |
note: method defined here
    --> contracts/safeGard/lib.rs:838:16
     |
 838 |         pub fn register_project(
     |                ^^^^^^^^^^^^^^^^
...
 841 |             metadata_uri: Vec<u8>,
     |             ---------------------
help: provide the argument
     |
4051 ~                 let project_id = test_contract.register_project(
4052 +                     b"Test Project".to_vec(),
4053 +                     /* std::vec::Vec<u8> */,
4054 +                     accounts.bob,
4055 +                     accounts.alice,
4056 ~                 ).unwrap();
     |

error[E0061]: this method takes 4 arguments but 3 arguments were supplied
    --> contracts/safeGard/lib.rs:4076:39
     |
4076 | ...et project_id = contract.register_project(
     |                             ^^^^^^^^^^^^^^^^
4077 | ...   b"Test Project".to_vec(),
4078 | ...   accounts.alice,
     |       -------------- argument #2 of type `std::vec::Vec<u8>` is missing
     |
note: method defined here
    --> contracts/safeGard/lib.rs:838:16
     |
 838 |         pub fn register_project(
     |                ^^^^^^^^^^^^^^^^
...
 841 |             metadata_uri: Vec<u8>,
     |             ---------------------
help: provide the argument
     |
4076 ~             let project_id = contract.register_project(
4077 +                 b"Test Project".to_vec(),
4078 +                 /* std::vec::Vec<u8> */,
4079 +                 accounts.bob,
4080 +                 accounts.alice,
4081 ~             ).unwrap();
     |

error[E0061]: this method takes 4 arguments but 3 arguments were supplied
    --> contracts/safeGard/lib.rs:4131:39
     |
4131 | ...et project_id = contract.register_project(
     |                             ^^^^^^^^^^^^^^^^
4132 | ...   b"Test Project".to_vec(),
4133 | ...   accounts.alice,
     |       -------------- argument #2 of type `std::vec::Vec<u8>` is missing
     |
note: method defined here
    --> contracts/safeGard/lib.rs:838:16
     |
 838 |         pub fn register_project(
     |                ^^^^^^^^^^^^^^^^
...
 841 |             metadata_uri: Vec<u8>,
     |             ---------------------
help: provide the argument
     |
4131 ~             let project_id = contract.register_project(
4132 +                 b"Test Project".to_vec(),
4133 +                 /* std::vec::Vec<u8> */,
4134 +                 accounts.bob,
4135 +                 accounts.alice,
4136 ~             ).unwrap();
     |

error[E0061]: this method takes 4 arguments but 3 arguments were supplied
    --> contracts/safeGard/lib.rs:4165:39
     |
4165 | ...et project_id = contract.register_project(
     |                             ^^^^^^^^^^^^^^^^
4166 | ...   b"Test Project".to_vec(),
4167 | ...   accounts.alice,
     |       -------------- argument #2 of type `std::vec::Vec<u8>` is missing
     |
note: method defined here
    --> contracts/safeGard/lib.rs:838:16
     |
 838 |         pub fn register_project(
     |                ^^^^^^^^^^^^^^^^
...
 841 |             metadata_uri: Vec<u8>,
     |             ---------------------
help: provide the argument
     |
4165 ~             let project_id = contract.register_project(
4166 +                 b"Test Project".to_vec(),
4167 +                 /* std::vec::Vec<u8> */,
4168 +                 accounts.bob,
4169 +                 accounts.alice,
4170 ~             ).unwrap();
     |

error[E0061]: this method takes 4 arguments but 3 arguments were supplied
    --> contracts/safeGard/lib.rs:4206:39
     |
4206 | ...et project_id = contract.register_project(
     |                             ^^^^^^^^^^^^^^^^
4207 | ...   b"Test Project".to_vec(),
4208 | ...   accounts.alice,
     |       -------------- argument #2 of type `std::vec::Vec<u8>` is missing
     |
note: method defined here
    --> contracts/safeGard/lib.rs:838:16
     |
 838 |         pub fn register_project(
     |                ^^^^^^^^^^^^^^^^
...
 841 |             metadata_uri: Vec<u8>,
     |             ---------------------
help: provide the argument
     |
4206 ~             let project_id = contract.register_project(
4207 +                 b"Test Project".to_vec(),
4208 +                 /* std::vec::Vec<u8> */,
4209 +                 accounts.bob,
4210 +                 accounts.alice,
4211 ~             ).unwrap();
     |

error[E0061]: this method takes 4 arguments but 3 arguments were supplied
    --> contracts/safeGard/lib.rs:4271:39
     |
4271 | ...et project_id = contract.register_project(
     |                             ^^^^^^^^^^^^^^^^
4272 | ...   b"Test Project".to_vec(),
4273 | ...   accounts.alice,
     |       -------------- argument #2 of type `std::vec::Vec<u8>` is missing
     |
note: method defined here
    --> contracts/safeGard/lib.rs:838:16
     |
 838 |         pub fn register_project(
     |                ^^^^^^^^^^^^^^^^
...
 841 |             metadata_uri: Vec<u8>,
     |             ---------------------
help: provide the argument
     |
4271 ~             let project_id = contract.register_project(
4272 +                 b"Test Project".to_vec(),
4273 +                 /* std::vec::Vec<u8> */,
4274 +                 accounts.bob,
4275 +                 accounts.alice,
4276 ~             ).unwrap();
     |

error[E0061]: this method takes 4 arguments but 3 arguments were supplied
    --> contracts/safeGard/lib.rs:4301:39
     |
4301 | ...et project_id = contract.register_project(
     |                             ^^^^^^^^^^^^^^^^
4302 | ...   b"Test Project".to_vec(),
4303 | ...   accounts.alice,
     |       -------------- argument #2 of type `std::vec::Vec<u8>` is missing
     |
note: method defined here
    --> contracts/safeGard/lib.rs:838:16
     |
 838 |         pub fn register_project(
     |                ^^^^^^^^^^^^^^^^
...
 841 |             metadata_uri: Vec<u8>,
     |             ---------------------
help: provide the argument
     |
4301 ~             let project_id = contract.register_project(
4302 +                 b"Test Project".to_vec(),
4303 +                 /* std::vec::Vec<u8> */,
4304 +                 accounts.bob,
4305 +                 accounts.alice,
4306 ~             ).unwrap();
     |

error[E0061]: this method takes 4 arguments but 3 arguments were supplied
    --> contracts/safeGard/lib.rs:4326:39
     |
4326 | ...et project_id = contract.register_project(
     |                             ^^^^^^^^^^^^^^^^
4327 | ...   b"Test Project".to_vec(),
4328 | ...   accounts.alice,
     |       -------------- argument #2 of type `std::vec::Vec<u8>` is missing
     |
note: method defined here
    --> contracts/safeGard/lib.rs:838:16
     |
 838 |         pub fn register_project(
     |                ^^^^^^^^^^^^^^^^
...
 841 |             metadata_uri: Vec<u8>,
     |             ---------------------
help: provide the argument
     |
4326 ~             let project_id = contract.register_project(
4327 +                 b"Test Project".to_vec(),
4328 +                 /* std::vec::Vec<u8> */,
4329 +                 accounts.bob,
4330 +                 accounts.alice,
4331 ~             ).unwrap();
     |

error[E0061]: this function takes 0 arguments but 1 argument was supplied
   --> contracts/safeGard/business_rules_validation.rs:12:28
    |
 12 | ...ct = Safeguard::new(None);
    |         ^^^^^^^^^^^^^^ ---- unexpected argument of type `Option<_>`
    |
note: associated function defined here
   --> contracts/safeGard/lib.rs:745:16
    |
745 |         pub fn new() -> Self {
    |                ^^^
help: remove the extra argument
    |
 12 -         let mut contract = Safeguard::new(None);
 12 +         let mut contract = Safeguard::new();
    |

error[E0061]: this function takes 0 arguments but 1 argument was supplied
   --> contracts/safeGard/business_rules_validation.rs:46:28
    |
 46 | ...ct = Safeguard::new(None);
    |         ^^^^^^^^^^^^^^ ---- unexpected argument of type `Option<_>`
    |
note: associated function defined here
   --> contracts/safeGard/lib.rs:745:16
    |
745 |         pub fn new() -> Self {
    |                ^^^
help: remove the extra argument
    |
 46 -         let mut contract = Safeguard::new(None);
 46 +         let mut contract = Safeguard::new();
    |

error[E0061]: this function takes 0 arguments but 1 argument was supplied
   --> contracts/safeGard/business_rules_validation.rs:78:28
    |
 78 | ...ct = Safeguard::new(None);
    |         ^^^^^^^^^^^^^^ ---- unexpected argument of type `Option<_>`
    |
note: associated function defined here
   --> contracts/safeGard/lib.rs:745:16
    |
745 |         pub fn new() -> Self {
    |                ^^^
help: remove the extra argument
    |
 78 -         let mut contract = Safeguard::new(None);
 78 +         let mut contract = Safeguard::new();
    |

warning: unused variable: `caller`
    --> contracts/safeGard/lib.rs:1155:17
     |
1155 | ...       let caller = self.env().c...
     |               ^^^^^^ help: if this is intentional, prefix it with an underscore: `_caller`
     |
     = note: `#[warn(unused_variables)]` (part of `#[warn(unused)]`) on by default

warning: unused variable: `total_votes`
    --> contracts/safeGard/lib.rs:1171:17
     |
1171 | ...     let total_votes = voting_in...
     |             ^^^^^^^^^^^ help: if this is intentional, prefix it with an underscore: `_total_votes`

warning: unused variable: `claimer`
    --> contracts/safeGard/lib.rs:1320:72
     |
1320 | ...ojectId, claimer: AccountId) -> ...
     |             ^^^^^^^ help: if this is intentional, prefix it with an underscore: `_claimer`

warning: variable does not need to be mutable
    --> contracts/safeGard/lib.rs:3972:18
     |
3972 | ...  let (mut contract, _accounts) ...
     |           ----^^^^^^^^
     |           |
     |           help: remove this `mut`
     |
     = note: `#[warn(unused_mut)]` (part of `#[warn(unused)]`) on by default

warning: unused variable: `accounts`
    --> contracts/safeGard/lib.rs:4421:32
     |
4421 | ...ontract, accounts) = setup();
     |             ^^^^^^^^ help: if this is intentional, prefix it with an underscore: `_accounts`

warning: unused variable: `accounts`
    --> contracts/safeGard/lib.rs:4451:32
     |
4451 | ...ontract, accounts) = setup();
     |             ^^^^^^^^ help: if this is intentional, prefix it with an underscore: `_accounts`

warning: unused variable: `accounts`
    --> contracts/safeGard/lib.rs:4469:32
     |
4469 | ...ontract, accounts) = setup();
     |             ^^^^^^^^ help: if this is intentional, prefix it with an underscore: `_accounts`

warning: unused variable: `accounts`
    --> contracts/safeGard/lib.rs:4480:32
     |
4480 | ...ontract, accounts) = setup();
     |             ^^^^^^^^ help: if this is intentional, prefix it with an underscore: `_accounts`

warning: unused variable: `accounts`
    --> contracts/safeGard/lib.rs:4500:32
     |
4500 | ...ontract, accounts) = setup();
     |             ^^^^^^^^ help: if this is intentional, prefix it with an underscore: `_accounts`

warning: unused variable: `accounts`
    --> contracts/safeGard/lib.rs:4515:32
     |
4515 | ...ontract, accounts) = setup();
     |             ^^^^^^^^ help: if this is intentional, prefix it with an underscore: `_accounts`

For more information about this error, try `rustc --explain E0061`.
warning: `safeguard` (lib test) generated 14 warnings
error: could not compile `safeguard` (lib test) due to 31 previous errors; 14 warnings emitted
